

Wed Oct  8 11:51:39 2025
Command line: TestDisk

TestDisk 7.1, Data Recovery Utility, July 2019
Christophe GRENIER <grenier@cgsecurity.org>
https://www.cgsecurity.org
OS: Linux, kernel 6.14.0-33-generic (#33~24.04.1-Ubuntu SMP PREEMPT_DYNAMIC Fri Sep 19 17:02:30 UTC 2) x86_64
Compiler: GCC 13.2
ext2fs lib: 1.47.0, ntfs lib: libntfs-3g, reiserfs lib: none, ewf lib: none, curses lib: ncurses 6.4
Warning: can't get size for Disk /dev/mapper/control - 0 B - 0 sectors, sector size=512
Warning: can't get size for Disk /dev/loop26 - 0 B - 0 sectors (RO), sector size=512
Hard disk list
Disk /dev/sda - 600 GB / 558 GiB - CHS 72961 255 63, sector size=512 - NETAPP X422_HCOBE600A10, FW:NA01
Disk /dev/sdb - 120 GB / 111 GiB - CHS 14593 255 63, sector size=512 - TO Exter nal USB 3.0, FW:0204
Disk /dev/sdc - 320 GB / 298 GiB - CHS 38913 255 63, sector size=512 - JMicron Generic, FW:0215
Disk /dev/loop0 - 77 MB / 73 MiB - 151384 sectors (RO), sector size=512
Disk /dev/loop1 - 77 MB / 73 MiB - 151392 sectors (RO), sector size=512
Disk /dev/loop10 - 633 MB / 604 MiB - 1237032 sectors (RO), sector size=512
Disk /dev/loop11 - 541 MB / 516 MiB - 1056784 sectors (RO), sector size=512
Disk /dev/loop12 - 648 MB / 618 MiB - 1266192 sectors (RO), sector size=512
Disk /dev/loop13 - 304 MB / 290 MiB - 595512 sectors (RO), sector size=512
Disk /dev/loop14 - 96 MB / 91 MiB - 187776 sectors (RO), sector size=512
Disk /dev/loop15 - 42 MB / 40 MiB - 82184 sectors (RO), sector size=512
Disk /dev/loop16 - 42 MB / 40 MiB - 82184 sectors (RO), sector size=512
Disk /dev/loop17 - 304 MB / 290 MiB - 595504 sectors (RO), sector size=512
Disk /dev/loop18 - 104 MB / 99 MiB - 204144 sectors (RO), sector size=512
Disk /dev/loop19 - 11 MB / 10 MiB - 22176 sectors (RO), sector size=512
Disk /dev/loop2 - 70 MB / 66 MiB - 136816 sectors (RO), sector size=512
Disk /dev/loop20 - 11 MB / 10 MiB - 22056 sectors (RO), sector size=512
Disk /dev/loop21 - 51 MB / 49 MiB - 100952 sectors (RO), sector size=512
Disk /dev/loop22 - 53 MB / 50 MiB - 103976 sectors (RO), sector size=512
Disk /dev/loop23 - 581 KB / 568 KiB - 1136 sectors (RO), sector size=512
Disk /dev/loop24 - 237 MB / 226 MiB - 463296 sectors (RO), sector size=512
Disk /dev/loop25 - 589 KB / 576 KiB - 1152 sectors (RO), sector size=512
Disk /dev/loop27 - 259 MB / 247 MiB - 507008 sectors (RO), sector size=512
Disk /dev/loop3 - 4096 B - 8 sectors (RO), sector size=512
Disk /dev/loop4 - 70 MB / 66 MiB - 136808 sectors (RO), sector size=512
Disk /dev/loop5 - 259 MB / 247 MiB - 506144 sectors (RO), sector size=512
Disk /dev/loop6 - 237 MB / 226 MiB - 463288 sectors (RO), sector size=512
Disk /dev/loop7 - 11 MB / 10 MiB - 21952 sectors (RO), sector size=512
Disk /dev/loop8 - 11 MB / 11 MiB - 22800 sectors (RO), sector size=512
Disk /dev/loop9 - 541 MB / 516 MiB - 1057184 sectors (RO), sector size=512

Partition table type (auto): Intel
Disk /dev/sdc - 320 GB / 298 GiB - JMicron Generic
Partition table type: Intel

Analyse Disk /dev/sdc - 320 GB / 298 GiB - CHS 38913 255 63
Geometry from i386 MBR: head=255 sector=2
BAD_RS LBA=2048 64512
NTFS at 0/32/33
Current partition structure:
 1 P HPFS - NTFS              0  32 33 38913  70  5  625139712 [And]

Bad relative sector.
No partition is bootable

search_part()
Disk /dev/sdc - 320 GB / 298 GiB - CHS 38913 255 63
NTFS at 0/32/33
filesystem size           625139712
sectors_per_cluster       8
mft_lcn                   4
mftmirr_lcn               39071231
clusters_per_mft_record   -10
clusters_per_index_record 1
     HPFS - NTFS              0  32 33 38913  70  5  625139712 [And]
     NTFS, blocksize=4096, 320 GB / 298 GiB

Results
   * HPFS - NTFS              0  32 33 38913  70  5  625139712 [And]
     NTFS, blocksize=4096, 320 GB / 298 GiB

Hint for advanced users: dmsetup may be used if you prefer to avoid rewriting the partition table for the moment:
echo "0 625139712 linear /dev/sdc 2048" | dmsetup create test0

interface_write()
 1 * HPFS - NTFS              0  32 33 38913  70  5  625139712 [And]

search_part()
Disk /dev/sdc - 320 GB / 298 GiB - CHS 38913 255 63
NTFS at 0/32/33
filesystem size           625139712
sectors_per_cluster       8
mft_lcn                   4
mftmirr_lcn               39071231
clusters_per_mft_record   -10
clusters_per_index_record 1
     HPFS - NTFS              0  32 33 38913  70  5  625139712 [And]
     NTFS, blocksize=4096, 320 GB / 298 GiB

block_group_nr 5

recover_EXT2: "e2fsck -b 163840 -B 4096 device" may be needed
recover_EXT2: s_block_group_nr=5/373, s_mnt_count=0/4294967295, s_blocks_per_group=32768, s_inodes_per_group=8192
recover_EXT2: s_blocksize=4096
recover_EXT2: s_blocks_count 12232448
recover_EXT2: part_size 97859584
Filesystem created: Mon Apr 25 17:34:37 2022
     Linux                    0  32 33  6091 154 15   97859584
     ext4 blocksize=4096 Large_file Sparse_SB Backup_SB, 50 GB / 46 GiB

block_group_nr 7

recover_EXT2: "e2fsck -b 229376 -B 4096 device" may be needed
recover_EXT2: s_block_group_nr=7/373, s_mnt_count=0/4294967295, s_blocks_per_group=32768, s_inodes_per_group=8192
recover_EXT2: s_blocksize=4096
recover_EXT2: s_blocks_count 12232448
recover_EXT2: part_size 97859584
Filesystem created: Mon Apr 25 17:34:37 2022
     Linux                    0  32 33  6091 154 15   97859584
     ext4 blocksize=4096 Large_file Sparse_SB Backup_SB, 50 GB / 46 GiB

block_group_nr 49

recover_EXT2: "e2fsck -b 1605632 -B 4096 device" may be needed
recover_EXT2: s_block_group_nr=49/484, s_mnt_count=0/4294967295, s_blocks_per_group=32768, s_inodes_per_group=8192
recover_EXT2: s_blocksize=4096
recover_EXT2: s_blocks_count 15868928
recover_EXT2: part_size 126951424
Filesystem created: Wed Mar  8 04:45:39 2017
     Linux                 7303 147 13 15205 239 10  126951424
     ext4 blocksize=4096 Large_file Sparse_SB Backup_SB, 64 GB / 60 GiB
file_pread(6,16,buffer,144394240(8988/32/5)) read err: Input/output error
file_pread(6,1,buffer,144394240(8988/32/5)) read err: Input/output error
file_pread(6,16,buffer,144394268(8988/32/33)) read err: Input/output error
file_pread(6,1,buffer,144394268(8988/32/33)) read err: Input/output error
file_pread(6,16,buffer,144394331(8988/33/33)) read err: Input/output error
file_pread(6,1,buffer,144394331(8988/33/33)) read err: Input/output error
file_pread(6,16,buffer,144394239(8988/32/4)) read err: Input/output error
file_pread(6,1,buffer,144394239(8988/32/4)) read err: Input/output error
file_pread(6,1,buffer,144394240(8988/32/5)) read err: Input/output error
file_pread(6,1,buffer,144394241(8988/32/6)) read err: Input/output error
file_pread(6,14,buffer,144394242(8988/32/7)) read err: Input/output error
file_pread(6,3,buffer,144394256(8988/32/21)) read err: Input/output error
file_pread(6,3,buffer,144394303(8988/33/5)) read err: Input/output error
file_pread(6,8,buffer,144394319(8988/33/21)) read err: Input/output error
file_pread(6,11,buffer,144394366(8988/34/5)) read err: Input/output error
file_pread(6,16,buffer,144396048(8988/60/49)) read err: Input/output error
file_pread(6,1,buffer,144396048(8988/60/49)) read err: Input/output error
file_pread(6,2,buffer,144396111(8988/61/49)) read err: Input/output error
file_pread(6,2,buffer,144396174(8988/62/49)) read err: Input/output error

block_group_nr 125

recover_EXT2: "e2fsck -b 4096000 -B 4096 device" may be needed
recover_EXT2: s_block_group_nr=125/484, s_mnt_count=0/4294967295, s_blocks_per_group=32768, s_inodes_per_group=8192
recover_EXT2: s_blocksize=4096
recover_EXT2: s_blocks_count 15868928
recover_EXT2: part_size 126951424
Filesystem created: Wed Mar  8 04:45:39 2017
     Linux                 7303 147 13 15205 239 10  126951424
     ext4 blocksize=4096 Large_file Sparse_SB Backup_SB, 64 GB / 60 GiB
file_pread(6,16,buffer,165167104(10281/45/5)) read err: Input/output error
file_pread(6,1,buffer,165167104(10281/45/5)) read err: Input/output error
file_pread(6,16,buffer,165167103(10281/45/4)) read err: Input/output error
file_pread(6,1,buffer,165167103(10281/45/4)) read err: Input/output error
file_pread(6,1,buffer,165167105(10281/45/6)) read err: Input/output error
file_pread(6,14,buffer,165167106(10281/45/7)) read err: Input/output error
file_pread(6,3,buffer,165167120(10281/45/21)) read err: Input/output error
file_pread(6,3,buffer,165167167(10281/46/5)) read err: Input/output error
file_pread(6,8,buffer,165167183(10281/46/21)) read err: Input/output error
file_pread(6,11,buffer,165167230(10281/47/5)) read err: Input/output error
file_pread(6,16,buffer,165168093(10281/60/49)) read err: Input/output error
file_pread(6,1,buffer,165168093(10281/60/49)) read err: Input/output error

block_group_nr 81

recover_EXT2: "e2fsck -b 2654208 -B 4096 device" may be needed
recover_EXT2: s_block_group_nr=81/484, s_mnt_count=0/4294967295, s_blocks_per_group=32768, s_inodes_per_group=8192
recover_EXT2: s_blocksize=4096
recover_EXT2: s_blocks_count 15868928
recover_EXT2: part_size 126951424
Filesystem created: Wed Mar  8 04:45:43 2017
     Linux                15206  16 43 23108 108 40  126951424
     ext4 blocksize=4096 Large_file Sparse_SB Backup_SB, 64 GB / 60 GiB
file_pread(6,16,buffer,276551680(17214/139/14)) read err: Input/output error
file_pread(6,1,buffer,276551680(17214/139/14)) read err: Input/output error
file_pread(6,1,buffer,276551679(17214/139/13)) read err: Input/output error
file_pread(6,1,buffer,276551681(17214/139/15)) read err: Input/output error
file_pread(6,14,buffer,276551682(17214/139/16)) read err: Input/output error
file_pread(6,3,buffer,276551696(17214/139/30)) read err: Input/output error
file_pread(6,3,buffer,276551743(17214/140/14)) read err: Partial read
file_pread(6,8,buffer,276551759(17214/140/30)) read err: Input/output error
file_pread(6,16,buffer,304479944(18952/254/63)) read err: Partial read
file_pread(6,16,buffer,304479960(18953/0/16)) read err: Partial read
file_pread(6,16,buffer,304480008(18953/1/1)) read err: Input/output error
file_pread(6,16,buffer,304480024(18953/1/17)) read err: Input/output error
file_pread(6,1,buffer,304480024(18953/1/17)) read err: Input/output error
file_pread(6,16,buffer,304480011(18953/1/4)) read err: Partial read
file_pread(6,1,buffer,304480016(18953/1/9)) read err: Input/output error
file_pread(6,7,buffer,304480017(18953/1/10)) read err: Input/output error
file_pread(6,2,buffer,304480025(18953/1/18)) read err: Input/output error

recover_EXT2: s_block_group_nr=0/484, s_mnt_count=1393/4294967295, s_blocks_per_group=32768, s_inodes_per_group=8192
recover_EXT2: s_blocksize=4096
recover_EXT2: s_blocks_count 15868928
recover_EXT2: part_size 126951424
Filesystem created: Wed Mar  8 04:45:43 2017
Last mount time:    Fri Apr 15 14:36:29 2022
     Linux                19152  37 22 27054 129 19  126951424
     ext4 blocksize=4096 Large_file Sparse_SB Recover, 64 GB / 60 GiB

recover_EXT2: s_block_group_nr=0/484, s_mnt_count=1393/4294967295, s_blocks_per_group=32768, s_inodes_per_group=8192
recover_EXT2: s_blocksize=4096
recover_EXT2: s_blocks_count 15868928
recover_EXT2: part_size 126951424
Filesystem created: Wed Mar  8 04:45:43 2017
Last mount time:    Fri Apr 15 14:36:29 2022
     Linux                19153  74 58 27055 166 55  126951424
     ext4 blocksize=4096 Large_file Sparse_SB Recover, 64 GB / 60 GiB

recover_EXT2: s_block_group_nr=0/484, s_mnt_count=1393/4294967295, s_blocks_per_group=32768, s_inodes_per_group=8192
recover_EXT2: s_blocksize=4096
recover_EXT2: s_blocks_count 15868928
recover_EXT2: part_size 126951424
Filesystem created: Wed Mar  8 04:45:43 2017
Last mount time:    Fri Apr 15 14:36:29 2022
     Linux                19155  20  2 27057 111 62  126951424
     ext4 blocksize=4096 Large_file Sparse_SB Recover, 64 GB / 60 GiB

recover_EXT2: s_block_group_nr=0/484, s_mnt_count=1393/4294967295, s_blocks_per_group=32768, s_inodes_per_group=8192
recover_EXT2: s_blocksize=4096
recover_EXT2: s_blocks_count 15868928
recover_EXT2: part_size 126951424
Filesystem created: Wed Mar  8 04:45:43 2017
Last mount time:    Fri Apr 15 14:36:29 2022
     Linux                19160 142 55 27062 234 52  126951424
     ext4 blocksize=4096 Large_file Sparse_SB Recover, 64 GB / 60 GiB

block_group_nr 243

recover_EXT2: "e2fsck -b 7962624 -B 4096 device" may be needed
recover_EXT2: s_block_group_nr=243/484, s_mnt_count=0/4294967295, s_blocks_per_group=32768, s_inodes_per_group=8192
recover_EXT2: s_blocksize=4096
recover_EXT2: s_blocks_count 15868928
recover_EXT2: part_size 126951424
Filesystem created: Wed Mar  8 04:45:43 2017
     Linux                15206  16 43 23108 108 40  126951424
     ext4 blocksize=4096 Large_file Sparse_SB Backup_SB, 64 GB / 60 GiB
     Linux Swap           23108 141 10 24080 251 27   15622128
     SWAP2 version 1, pagesize=4096, 7998 MB / 7627 MiB

recover_EXT2: s_block_group_nr=0/484, s_mnt_count=1405/4294967295, s_blocks_per_group=32768, s_inodes_per_group=8192
recover_EXT2: s_blocksize=4096
recover_EXT2: s_blocks_count 15868672
recover_EXT2: part_size 126949376
Filesystem created: Wed Mar  8 04:45:51 2017
Last mount time:    Mon Dec  2 21:54:12 2024
     Linux                31011  10 40 38913  70  5  126949376
     ext4 blocksize=4096 Large_file Sparse_SB, 64 GB / 60 GiB

block_group_nr 27

recover_EXT2: "e2fsck -b 884736 -B 4096 device" may be needed
recover_EXT2: s_block_group_nr=27/484, s_mnt_count=0/4294967295, s_blocks_per_group=32768, s_inodes_per_group=8192
recover_EXT2: s_blocksize=4096
recover_EXT2: s_blocks_count 15868672
recover_EXT2: part_size 126949376
Filesystem created: Wed Mar  8 04:45:51 2017
     Linux                31011  10 40 38913  70  5  126949376
     ext4 blocksize=4096 Large_file Sparse_SB Backup_SB, 64 GB / 60 GiB

block_group_nr 81

recover_EXT2: "e2fsck -b 2654208 -B 4096 device" may be needed
recover_EXT2: s_block_group_nr=81/484, s_mnt_count=0/4294967295, s_blocks_per_group=32768, s_inodes_per_group=8192
recover_EXT2: s_blocksize=4096
recover_EXT2: s_blocks_count 15868672
recover_EXT2: part_size 126949376
Filesystem created: Wed Mar  8 04:45:51 2017
     Linux                31011  10 40 38913  70  5  126949376
     ext4 blocksize=4096 Large_file Sparse_SB Backup_SB, 64 GB / 60 GiB

block_group_nr 125

recover_EXT2: "e2fsck -b 4096000 -B 4096 device" may be needed
recover_EXT2: s_block_group_nr=125/484, s_mnt_count=0/4294967295, s_blocks_per_group=32768, s_inodes_per_group=8192
recover_EXT2: s_blocksize=4096
recover_EXT2: s_blocks_count 15868672
recover_EXT2: part_size 126949376
Filesystem created: Wed Mar  8 04:45:51 2017
     Linux                31011  10 40 38913  70  5  126949376
     ext4 blocksize=4096 Large_file Sparse_SB Backup_SB, 64 GB / 60 GiB
NTFS at 38913/70/5
filesystem size           625139712
sectors_per_cluster       8
mft_lcn                   4
mftmirr_lcn               39071231
clusters_per_mft_record   -10
clusters_per_index_record 1
     HPFS - NTFS              0  32 33 38913  70  5  625139712 [And]
     NTFS found using backup sector, blocksize=4096, 320 GB / 298 GiB
NTFS at 38913/70/5
filesystem size           625139712
sectors_per_cluster       8
mft_lcn                   4
mftmirr_lcn               39071231
clusters_per_mft_record   -10
clusters_per_index_record 1
     HPFS - NTFS          38913  70  5 77826 107 40  625139712
     NTFS, blocksize=4096, 320 GB / 298 GiB
This partition ends after the disk limits. (start=625141759, size=625139712, end=1250281470, disk end=625142448)
Disk /dev/sdc - 320 GB / 298 GiB - CHS 38913 255 63
Check the harddisk size: HD jumper settings, BIOS detection...
The harddisk (320 GB / 298 GiB) seems too small! (< 640 GB / 596 GiB)
The following partition can't be recovered:
     HPFS - NTFS          38913  70  5 77826 107 40  625139712
     NTFS, blocksize=4096, 320 GB / 298 GiB

Results
     Linux                    0  32 33  6091 154 15   97859584
     ext4 blocksize=4096 Large_file Sparse_SB Backup_SB, 50 GB / 46 GiB
     HPFS - NTFS              0  32 33 38913  70  5  625139712 [And]
     NTFS, blocksize=4096, 320 GB / 298 GiB
     Linux                 7303 147 13 15205 239 10  126951424
     ext4 blocksize=4096 Large_file Sparse_SB Backup_SB, 64 GB / 60 GiB
     Linux                15206  16 43 23108 108 40  126951424
     ext4 blocksize=4096 Large_file Sparse_SB Backup_SB, 64 GB / 60 GiB
     Linux                19152  37 22 27054 129 19  126951424
     ext4 blocksize=4096 Large_file Sparse_SB Recover, 64 GB / 60 GiB
     Linux                19153  74 58 27055 166 55  126951424
     ext4 blocksize=4096 Large_file Sparse_SB Recover, 64 GB / 60 GiB
     Linux                19155  20  2 27057 111 62  126951424
     ext4 blocksize=4096 Large_file Sparse_SB Recover, 64 GB / 60 GiB
     Linux                19160 142 55 27062 234 52  126951424
     ext4 blocksize=4096 Large_file Sparse_SB Recover, 64 GB / 60 GiB
     Linux Swap           23108 141 10 24080 251 43   15622144
     SWAP2 version 1, pagesize=4096, 7998 MB / 7628 MiB
     Linux                31011  10 40 38913  70  5  126949376
     ext4 blocksize=4096 Large_file Sparse_SB, 64 GB / 60 GiB

Hint for advanced users: dmsetup may be used if you prefer to avoid rewriting the partition table for the moment:
echo "0 97859584 linear /dev/sdc 2048" | dmsetup create test0
echo "0 625139712 linear /dev/sdc 2048" | dmsetup create test1
echo "0 126951424 linear /dev/sdc 117331968" | dmsetup create test2
echo "0 126951424 linear /dev/sdc 244285440" | dmsetup create test3
echo "0 126951424 linear /dev/sdc 307679232" | dmsetup create test4
echo "0 126951424 linear /dev/sdc 307697664" | dmsetup create test5
echo "0 126951424 linear /dev/sdc 307726336" | dmsetup create test6
echo "0 126951424 linear /dev/sdc 307814400" | dmsetup create test7
echo "0 15622144 linear /dev/sdc 371238912" | dmsetup create test8
echo "0 126949376 linear /dev/sdc 498192384" | dmsetup create test9

interface_write()
 
No partition found or selected for recovery
simulate write!

write_mbr_i386: starting...
write_all_log_i386: starting...
No extended partition

Analyse Disk /dev/sdc - 320 GB / 298 GiB - CHS 38913 255 63
Geometry from i386 MBR: head=255 sector=2
BAD_RS LBA=2048 64512
NTFS at 0/32/33
Current partition structure:
 1 P HPFS - NTFS              0  32 33 38913  70  5  625139712 [And]

Bad relative sector.
No partition is bootable
Backup partition structure
partition_save

search_part()
Disk /dev/sdc - 320 GB / 298 GiB - CHS 38913 255 63
NTFS at 0/32/33
filesystem size           625139712
sectors_per_cluster       8
mft_lcn                   4
mftmirr_lcn               39071231
clusters_per_mft_record   -10
clusters_per_index_record 1
     HPFS - NTFS              0  32 33 38913  70  5  625139712 [And]
     NTFS, blocksize=4096, 320 GB / 298 GiB

Results
   * HPFS - NTFS              0  32 33 38913  70  5  625139712 [And]
     NTFS, blocksize=4096, 320 GB / 298 GiB

Hint for advanced users: dmsetup may be used if you prefer to avoid rewriting the partition table for the moment:
echo "0 625139712 linear /dev/sdc 2048" | dmsetup create test0

interface_write()
 1 * HPFS - NTFS              0  32 33 38913  70  5  625139712 [And]
simulate write!

write_mbr_i386: starting...
write_all_log_i386: starting...
No extended partition

Interface Advanced
Geometry from i386 MBR: head=255 sector=2
BAD_RS LBA=2048 64512
NTFS at 0/32/33
 1 P HPFS - NTFS              0  32 33 38913  70  5  625139712 [And]
     NTFS, blocksize=4096, 320 GB / 298 GiB

ntfs_boot_sector
 1 P HPFS - NTFS              0  32 33 38913  70  5  625139712 [And]
     NTFS, blocksize=4096, 320 GB / 298 GiB
NTFS at 0/32/33
NTFS at 0/32/33
filesystem size           625139712
sectors_per_cluster       8
mft_lcn                   4
mftmirr_lcn               39071231
clusters_per_mft_record   -10
clusters_per_index_record 1
Boot sector
Status: OK

Backup boot sector
Status: OK

Sectors are identical.

A valid NTFS Boot sector must be present in order to access
any data; even if the partition is not bootable.

ntfs_boot_sector
 1 P HPFS - NTFS              0  32 33 38913  70  5  625139712 [And]
     NTFS, blocksize=4096, 320 GB / 298 GiB
NTFS at 0/32/33
NTFS at 0/32/33
filesystem size           625139712
sectors_per_cluster       8
mft_lcn                   4
mftmirr_lcn               39071231
clusters_per_mft_record   -10
clusters_per_index_record 1
Boot sector
Status: OK

Backup boot sector
Status: OK

Sectors are identical.

A valid NTFS Boot sector must be present in order to access
any data; even if the partition is not bootable.
$MFTMirr does not match $MFT (record 3).
ntfs_device_testdisk_io_ioctl() unimplemented
ntfs_device_testdisk_io_ioctl() unimplemented
NTFS filesystem needs to be repaired.

Directory /
       5 dr-xr-xr-x     0      0         0  3-Mar-2025 20:20 .
       5 dr-xr-xr-x     0      0         0  3-Mar-2025 20:20 ..
      64 dr-xr-xr-x     0      0         0  9-Dec-2024 15:11 Backup
      27 dr-xr-xr-x     0      0         0 28-Apr-2025 17:40 GDrive_acald013_backup
  277570 dr-xr-xr-x     0      0         0  4-Jan-2025 11:47 GDrive_aocalderon_ucr
  289052 dr-xr-xr-x     0      0         0 24-Nov-2024 13:11 RIDIR
  277571 dr-xr-xr-x     0      0         0 19-Nov-2024 23:06 Research
Directory /Backup
      64 dr-xr-xr-x     0      0         0  9-Dec-2024 15:11 .
       5 dr-xr-xr-x     0      0         0  3-Mar-2025 20:20 ..
      65 dr-xr-xr-x     0      0         0  9-Dec-2024 15:10 home
    8756 dr-xr-xr-x     0      0         0  9-Dec-2024 15:17 opt
Directory /Backup/opt
    8756 dr-xr-xr-x     0      0         0  9-Dec-2024 15:17 .
      64 dr-xr-xr-x     0      0         0  9-Dec-2024 15:11 ..
   10757 dr-xr-xr-x     0      0         0  2-Dec-2024 18:02 CV
   12447 dr-xr-xr-x     0      0         0  4-Jan-2024 19:00 JetBrains
   41144 dr-xr-xr-x     0      0         0 23-Oct-2024 17:41 Overleaf
   41379 dr-xr-xr-x     0      0         0  1-Mar-2024 13:02 SDCEL_SSTD23_for_Submission
    8757 dr-xr-xr-x     0      0         0 28-Nov-2023 18:16 bfe_modified
   10755 dr-xr-xr-x     0      0         0 16-Nov-2023 17:55 cs
   11330 dr-xr-xr-x     0      0         0 16-Nov-2023 20:30 java
   29286 dr-xr-xr-x     0      0         0  7-Nov-2023 17:13 odc
   41142 dr-xr-xr-x     0      0         0 18-Nov-2024 18:07 osm
   41539 dr-xr-xr-x     0      0         0 18-Nov-2024 16:35 sumo
  245141 dr-xr-xr-x     0      0         0  4-Dec-2024 19:03 thunderbird
  245308 dr-xr-xr-x     0      0         0  8-Mar-2024 17:16 tmp
  245358 dr-xr-xr-x     0      0         0 21-Dec-2023 18:10 upme
  245882 dr-xr-xr-x     0      0         0 12-Jan-2024 14:58 venv
  277183 dr-xr-xr-x     0      0         0 14-Nov-2023 13:56 zotero
Directory /Backup
      64 dr-xr-xr-x     0      0         0  9-Dec-2024 15:11 .
       5 dr-xr-xr-x     0      0         0  3-Mar-2025 20:20 ..
      65 dr-xr-xr-x     0      0         0  9-Dec-2024 15:10 home
    8756 dr-xr-xr-x     0      0         0  9-Dec-2024 15:17 opt
Directory /Backup/home
      65 dr-xr-xr-x     0      0         0  9-Dec-2024 15:10 .
      64 dr-xr-xr-x     0      0         0  9-Dec-2024 15:11 ..
      66 dr-xr-xr-x     0      0         0 24-Nov-2024 11:20 Datasets
    2744 dr-xr-xr-x     0      0         0  4-Nov-2024 14:37 Documents
    6164 dr-xr-xr-x     0      0         0  4-Dec-2024 20:09 Downloads
    6187 dr-xr-xr-x     0      0         0 17-May-2024 20:08 Pictures
    6417 dr-xr-xr-x     0      0         0  7-Nov-2023 17:42 Work
    6690 dr-xr-xr-x     0      0         0 22-Nov-2024 19:46 Zotero
    8726 dr-xr-xr-x     0      0         0 18-Nov-2024 18:08 bin
    6191 dr-xr-xr-x     0      0         0 24-Nov-2024 12:44 tmp
Directory /Backup/home/Work
    6417 dr-xr-xr-x     0      0         0  7-Nov-2023 17:42 .
      65 dr-xr-xr-x     0      0         0  9-Dec-2024 15:10 ..
    6429 dr-xr-xr-x     0      0         0  7-Nov-2023 17:36 Pictures
    6444 dr-xr-xr-x     0      0         0 28-Nov-2023 00:00 UPME
    6442 dr-xr-xr-x     0      0         0  7-Nov-2023 17:36 data
    6418 dr-xr-xr-x     0      0         0  7-Nov-2023 17:36 tmp
Directory /Backup/home
      65 dr-xr-xr-x     0      0         0  9-Dec-2024 15:10 .
      64 dr-xr-xr-x     0      0         0  9-Dec-2024 15:11 ..
      66 dr-xr-xr-x     0      0         0 24-Nov-2024 11:20 Datasets
    2744 dr-xr-xr-x     0      0         0  4-Nov-2024 14:37 Documents
    6164 dr-xr-xr-x     0      0         0  4-Dec-2024 20:09 Downloads
    6187 dr-xr-xr-x     0      0         0 17-May-2024 20:08 Pictures
    6417 dr-xr-xr-x     0      0         0  7-Nov-2023 17:42 Work
    6690 dr-xr-xr-x     0      0         0 22-Nov-2024 19:46 Zotero
    8726 dr-xr-xr-x     0      0         0 18-Nov-2024 18:08 bin
    6191 dr-xr-xr-x     0      0         0 24-Nov-2024 12:44 tmp
Directory /Backup/home/Documents
    2744 dr-xr-xr-x     0      0         0  4-Nov-2024 14:37 .
      65 dr-xr-xr-x     0      0         0  9-Dec-2024 15:10 ..
    2750 dr-xr-xr-x     0      0         0 11-Oct-2024 13:39 Geoinformatica
    3345 dr-xr-xr-x     0      0         0 30-Sep-2024 13:02 MeetingPFlock
    5177 dr-xr-xr-x     0      0         0  1-Nov-2024 15:23 ToPrint
    5175 dr-xr-xr-x     0      0         0  1-Mar-2024 12:40 Zoom
    5180 dr-xr-xr-x     0      0         0  2-Dec-2024 18:33 thesis
    2746 -r--r--r--     0      0    104825 17-May-2024 20:09 RodrigoPILA.odt
    2745 -r--r--r--     0      0     74891 17-May-2024 20:09 RodrigoPILA.pdf
    2748 -r--r--r--     0      0    175582  6-Jun-2024 11:14 j1-program-extension_AC_signed (1).pdf
    2749 -r--r--r--     0      0     38363 29-Feb-2024 17:13 kdtree_lineage.pdf
    2747 -r--r--r--     0      0    217061  8-Jan-2024 17:43 tanaka2.pdf
Directory /Backup/home
      65 dr-xr-xr-x     0      0         0  9-Dec-2024 15:10 .
      64 dr-xr-xr-x     0      0         0  9-Dec-2024 15:11 ..
      66 dr-xr-xr-x     0      0         0 24-Nov-2024 11:20 Datasets
    2744 dr-xr-xr-x     0      0         0  4-Nov-2024 14:37 Documents
    6164 dr-xr-xr-x     0      0         0  4-Dec-2024 20:09 Downloads
    6187 dr-xr-xr-x     0      0         0 17-May-2024 20:08 Pictures
    6417 dr-xr-xr-x     0      0         0  7-Nov-2023 17:42 Work
    6690 dr-xr-xr-x     0      0         0 22-Nov-2024 19:46 Zotero
    8726 dr-xr-xr-x     0      0         0 18-Nov-2024 18:08 bin
    6191 dr-xr-xr-x     0      0         0 24-Nov-2024 12:44 tmp
Directory /Backup/home/Work
    6417 dr-xr-xr-x     0      0         0  7-Nov-2023 17:42 .
      65 dr-xr-xr-x     0      0         0  9-Dec-2024 15:10 ..
    6429 dr-xr-xr-x     0      0         0  7-Nov-2023 17:36 Pictures
    6444 dr-xr-xr-x     0      0         0 28-Nov-2023 00:00 UPME
    6442 dr-xr-xr-x     0      0         0  7-Nov-2023 17:36 data
    6418 dr-xr-xr-x     0      0         0  7-Nov-2023 17:36 tmp
Directory /Backup/home
      65 dr-xr-xr-x     0      0         0  9-Dec-2024 15:10 .
      64 dr-xr-xr-x     0      0         0  9-Dec-2024 15:11 ..
      66 dr-xr-xr-x     0      0         0 24-Nov-2024 11:20 Datasets
    2744 dr-xr-xr-x     0      0         0  4-Nov-2024 14:37 Documents
    6164 dr-xr-xr-x     0      0         0  4-Dec-2024 20:09 Downloads
    6187 dr-xr-xr-x     0      0         0 17-May-2024 20:08 Pictures
    6417 dr-xr-xr-x     0      0         0  7-Nov-2023 17:42 Work
    6690 dr-xr-xr-x     0      0         0 22-Nov-2024 19:46 Zotero
    8726 dr-xr-xr-x     0      0         0 18-Nov-2024 18:08 bin
    6191 dr-xr-xr-x     0      0         0 24-Nov-2024 12:44 tmp
Directory /Backup/home/bin
    8726 dr-xr-xr-x     0      0         0 18-Nov-2024 18:08 .
      65 dr-xr-xr-x     0      0         0  9-Dec-2024 15:10 ..
    8752 -r--r--r--     0      0        78 12-Dec-2023 16:53 FLOCKS_BFE_E1_M3_D3.tsv
    8727 -r--r--r--     0      0 109224931 23-Oct-2024 17:46 Zotero-7.0.8_linux-x86_64.tar.bz2
    8742 -r--r--r--     0      0       394  6-Oct-2023 18:01 bfe~
    8743 -r--r--r--     0      0        85 30-Jul-2023 00:16 bridgeHnJupyter
    8755 -r--r--r--     0      0        74 28-Feb-2024 14:17 bridgeHnSparkHistory
    8744 -r--r--r--     0      0        87 29-Mar-2022 13:01 bridgeHnSparkHistory~
    8745 -r--r--r--     0      0        42 18-Jun-2020 10:50 cleanTex
    8753 -r--r--r--     0      0        81  4-Jan-2024 19:01 clion
    8741 -r--r--r--     0      0        71 28-Nov-2023 16:16 clion~
    8729 -r--r--r--     0      0        90  9-Nov-2023 16:17 codium
    8733 -r--r--r--     0      0        55  6-Nov-2023 20:44 emacs
    8732 -r--r--r--     0      0       391 28-Nov-2023 17:39 flocks
    8730 -r--r--r--     0      0        60  6-Nov-2023 21:47 google-chrome
    8754 -r--r--r--     0      0        88  4-Jan-2024 19:02 idea
    8746 -r--r--r--     0      0       486 18-Apr-2022 14:21 images2pdf
    8728 -r--r--r--     0      0       112 18-Nov-2024 18:08 josm
    8739 -r--r--r--     0      0        54 17-Nov-2023 18:14 kile
    8747 -r--r--r--     0      0       183  4-Jul-2023 18:30 printer
    8748 -r--r--r--     0      0        75  4-Jul-2023 14:39 printerup
    8737 -r--r--r--     0      0       133  9-Nov-2023 18:58 printing
    8736 -r--r--r--     0      0        91 14-Nov-2023 18:17 rstudio
    8738 -r--r--r--     0      0        55 13-Nov-2023 21:21 run
    8731 -r--r--r--     0      0        63  9-Nov-2023 16:15 terminator
    8750 -r--r--r--     0      0       203  3-Jan-2024 22:47 toggle_keyboard
    8751 -r--r--r--     0      0       200  3-Jan-2024 22:45 toggle_keyboard~
    8749 -r--r--r--     0      0        20 14-Jul-2022 18:58 top
    8734 -r--r--r--     0      0        69  6-Nov-2023 20:44 ushell
    8735 -r--r--r--     0      0        51  7-Nov-2023 14:57 zoom
    8740 -r--r--r--     0      0       112  9-Dec-2024 15:10 zotero
Directory /Backup/home
      65 dr-xr-xr-x     0      0         0  9-Dec-2024 15:10 .
      64 dr-xr-xr-x     0      0         0  9-Dec-2024 15:11 ..
      66 dr-xr-xr-x     0      0         0 24-Nov-2024 11:20 Datasets
    2744 dr-xr-xr-x     0      0         0  4-Nov-2024 14:37 Documents
    6164 dr-xr-xr-x     0      0         0  4-Dec-2024 20:09 Downloads
    6187 dr-xr-xr-x     0      0         0 17-May-2024 20:08 Pictures
    6417 dr-xr-xr-x     0      0         0  7-Nov-2023 17:42 Work
    6690 dr-xr-xr-x     0      0         0 22-Nov-2024 19:46 Zotero
    8726 dr-xr-xr-x     0      0         0 18-Nov-2024 18:08 bin
    6191 dr-xr-xr-x     0      0         0 24-Nov-2024 12:44 tmp
Directory /Backup/home/tmp
    6191 dr-xr-xr-x     0      0         0 24-Nov-2024 12:44 .
      65 dr-xr-xr-x     0      0         0  9-Dec-2024 15:10 ..
    6246 dr-xr-xr-x     0      0         0 21-Feb-2024 13:19 Jimena
    6380 dr-xr-xr-x     0      0         0 22-Nov-2024 17:41 dense
    6252 dr-xr-xr-x     0      0         0 28-Oct-2024 19:55 edges
    6404 dr-xr-xr-x     0      0         0 10-May-2024 11:43 sample
    6200 -r--r--r--     0      0 231447862  5-Dec-2023 23:27 AP_22086_FBS_F0150_RT1_slope.tif
    6227 -r--r--r--     0      0 168073019  1-Dec-2023 22:14 B02.tif
    6228 -r--r--r--     0      0 176137687  1-Dec-2023 22:14 B03.tif
    6224 -r--r--r--     0      0 186661028  1-Dec-2023 22:14 B04.tif
    6225 -r--r--r--     0      0 122359237  1-Dec-2023 22:14 B05.tif
    6223 -r--r--r--     0      0 125126603  1-Dec-2023 22:14 B06.tif
    6226 -r--r--r--     0      0 127424078  1-Dec-2023 22:14 B07.tif
    6238 -r--r--r--     0      0 191954965  1-Dec-2023 22:16 B08.tif
    6239 -r--r--r--     0      0 129775556  1-Dec-2023 22:16 B11.tif
    6240 -r--r--r--     0      0 130127480  1-Dec-2023 22:16 B12.tif
    6222 -r--r--r--     0      0 167910480  1-Dec-2023 22:14 PRIME02.tif
    6219 -r--r--r--     0      0 175983813  1-Dec-2023 22:14 PRIME03.tif
    6220 -r--r--r--     0      0 186479168  1-Dec-2023 22:14 PRIME04.tif
    6218 -r--r--r--     0      0 121499564  1-Dec-2023 22:14 PRIME05.tif
    6217 -r--r--r--     0      0 124080114  1-Dec-2023 22:14 PRIME06.tif
    6221 -r--r--r--     0      0 126327150  1-Dec-2023 22:14 PRIME07.tif
    6234 -r--r--r--     0      0 191781790  1-Dec-2023 22:15 PRIME08.tif
    6236 -r--r--r--     0      0 128649642  1-Dec-2023 22:16 PRIME11.tif
    6237 -r--r--r--     0      0 129178778  1-Dec-2023 22:16 PRIME12.tif
    6244 -r--r--r--     0      0 5043195488  1-Dec-2023 22:35 T.tsv
    6231 -r--r--r--     0      0 560355019  1-Dec-2023 22:15 T02.tsv
    6235 -r--r--r--     0      0 560355026  1-Dec-2023 22:15 T03.tsv
    6233 -r--r--r--     0      0 560355026  1-Dec-2023 22:15 T04.tsv
    6229 -r--r--r--     0      0 560355034  1-Dec-2023 22:16 T05.tsv
    6230 -r--r--r--     0      0 560355038  1-Dec-2023 22:16 T06.tsv
    6232 -r--r--r--     0      0 560355038  1-Dec-2023 22:16 T07.tsv
    6241 -r--r--r--     0      0 560355031  1-Dec-2023 22:17 T08.tsv
    6242 -r--r--r--     0      0 560355054  1-Dec-2023 22:17 T11.tsv
    6243 -r--r--r--     0      0 560355222  1-Dec-2023 22:17 T12.tsv
    6193 -r--r--r--     0      0   5077568 24-Nov-2024 12:55 arroz.tif
    6194 -r--r--r--     0      0   5077568 24-Nov-2024 12:55 cacao.tif
    6195 -r--r--r--     0      0   5077568 24-Nov-2024 12:55 cana.tif
    6199 -r--r--r--     0      0    151552 24-Nov-2024 12:44 cap.tif
    6205 -r--r--r--     0      0      6309 14-May-2024 18:29 demo.tsv
    6203 -r--r--r--     0      0      1364  7-May-2024 13:34 demo.tsv~
    6212 -r--r--r--     0      0     13049 10-May-2024 15:45 flocks_Berlin_E10.tsv
    6211 -r--r--r--     0      0     65932 10-May-2024 15:40 flocks_Berlin_E20.tsv
    6210 -r--r--r--     0      0    150870 10-May-2024 15:39 flocks_Berlin_E30.tsv
    6209 -r--r--r--     0      0    273372 10-May-2024 15:34 flocks_Berlin_E40.tsv
    6202 -r--r--r--     0      0    435448 10-May-2024 13:59 flocks_Berlin_E50.tsv
    6206 -r--r--r--     0      0      2034 14-May-2024 19:20 flocks_border.tsv
    6204 -r--r--r--     0      0       402  7-May-2024 18:00 flocks_demo.tsv
    6213 -r--r--r--     0      0     63898 14-May-2024 19:20 flocks_safes.tsv
    6201 -r--r--r--     0      0    150870 31-May-2024 12:20 flocksd.tsv
    6214 -r--r--r--     0      0     13049  7-Jun-2024 15:00 flocksd2.tsv
    6208 -r--r--r--     0      0    435448 20-May-2024 16:44 flockss.tsv
    6196 -r--r--r--     0      0   5077568 24-Nov-2024 12:55 gas.tif
    6197 -r--r--r--     0      0   5077568 24-Nov-2024 12:55 maiz.tif
    6245 -r--r--r--     0      0     98304  7-Feb-2024 14:07 qgis.gpkg
    6198 -r--r--r--     0      0   5077568 24-Nov-2024 12:55 rellenos.tif
    6207 -r--r--r--     0      0      4296  9-May-2024 17:29 test.tsv
    6215 -r--r--r--     0      0     30290  3-Jun-2024 12:32 test.wkt
    6216 -r--r--r--     0      0     28193  3-Jun-2024 13:14 test2
    6192 -r--r--r--     0      0      1066 30-Oct-2024 16:01 tttt.tex
Directory /Backup/home
      65 dr-xr-xr-x     0      0         0  9-Dec-2024 15:10 .
      64 dr-xr-xr-x     0      0         0  9-Dec-2024 15:11 ..
      66 dr-xr-xr-x     0      0         0 24-Nov-2024 11:20 Datasets
    2744 dr-xr-xr-x     0      0         0  4-Nov-2024 14:37 Documents
    6164 dr-xr-xr-x     0      0         0  4-Dec-2024 20:09 Downloads
    6187 dr-xr-xr-x     0      0         0 17-May-2024 20:08 Pictures
    6417 dr-xr-xr-x     0      0         0  7-Nov-2023 17:42 Work
    6690 dr-xr-xr-x     0      0         0 22-Nov-2024 19:46 Zotero
    8726 dr-xr-xr-x     0      0         0 18-Nov-2024 18:08 bin
    6191 dr-xr-xr-x     0      0         0 24-Nov-2024 12:44 tmp
Directory /Backup
      64 dr-xr-xr-x     0      0         0  9-Dec-2024 15:11 .
       5 dr-xr-xr-x     0      0         0  3-Mar-2025 20:20 ..
      65 dr-xr-xr-x     0      0         0  9-Dec-2024 15:10 home
    8756 dr-xr-xr-x     0      0         0  9-Dec-2024 15:17 opt
Directory /
       5 dr-xr-xr-x     0      0         0  3-Mar-2025 20:20 .
       5 dr-xr-xr-x     0      0         0  3-Mar-2025 20:20 ..
      64 dr-xr-xr-x     0      0         0  9-Dec-2024 15:11 Backup
      27 dr-xr-xr-x     0      0         0 28-Apr-2025 17:40 GDrive_acald013_backup
  277570 dr-xr-xr-x     0      0         0  4-Jan-2025 11:47 GDrive_aocalderon_ucr
  289052 dr-xr-xr-x     0      0         0 24-Nov-2024 13:11 RIDIR
  277571 dr-xr-xr-x     0      0         0 19-Nov-2024 23:06 Research
Directory /GDrive_acald013_backup
      27 dr-xr-xr-x     0      0         0 28-Apr-2025 17:40 .
       5 dr-xr-xr-x     0      0         0  3-Mar-2025 20:20 ..
  413987 dr-xr-xr-x     0      0         0 28-Apr-2025 17:40 Docs-20250228T005236Z-001
      28 -r--r--r--     0      0 2142441065 27-Feb-2025 19:59 Academic-20250228T005213Z-002.zip
      39 -r--r--r--     0      0 839279529 27-Feb-2025 19:58 Academic-20250228T005213Z-003.zip
      31 -r--r--r--     0      0  43864504 27-Feb-2025 19:52 Barbosa-20250228T005221Z-001.zip
      33 -r--r--r--     0      0   7745940 27-Feb-2025 19:52 CienciaDeDatos-20250228T005226Z-001.zip
      34 -r--r--r--     0      0  70263495 27-Feb-2025 19:52 Cruces-20250228T005231Z-001.zip
      36 -r--r--r--     0      0  46145507 27-Feb-2025 19:52 Dangles-20250228T005234Z-001.zip
      32 -r--r--r--     0      0   2085429 27-Feb-2025 19:52 Docs-20250228T005236Z-001.zip
      29 -r--r--r--     0      0   7087417 28-Feb-2025 08:05 Fun-20250228T130510Z-001.zip
      44 -r--r--r--     0      0 670554685 28-Feb-2025 08:13 GeoInformatica-20250228T130514Z-001.zip
      46 -r--r--r--     0      0 647116788 28-Feb-2025 08:13 GeoInformatica-20250228T130514Z-002.zip
      45 -r--r--r--     0      0 547380987 28-Feb-2025 08:11 GeoInformatica-20250228T130514Z-003.zip
      43 -r--r--r--     0      0       240 28-Feb-2025 08:05 L-20250228T130521Z-001.zip
      49 -r--r--r--     0      0 2957395130 28-Feb-2025 08:21 MGN2021_00_COLOMBIA-002.zip
  413973 -r--r--r--     0      0 670554565 28-Feb-2025 08:15 MainUS-20250228T130524Z-001.zip
  413978 -r--r--r--     0      0     97417 28-Feb-2025 09:06 ManualesFabspace-20250228T140605Z-001.zip
      40 -r--r--r--     0      0 354590661 28-Feb-2025 09:15 Meetings-20250228T140607Z-001.zip
  413974 -r--r--r--     0      0    496074 28-Feb-2025 09:06 Misc-20250228T140609Z-001.zip
      38 -r--r--r--     0      0 462030566 28-Feb-2025 09:08 PFlock_Trajs-20250228T140630Z-001.zip
  413976 -r--r--r--     0      0 2126837333 28-Feb-2025 09:10 Personal-20250228T140612Z-001.zip
  413976 -r--r--r--     0      0         0 28-Feb-2025 09:10 Personal-20250228T140612Z-001.zip
  413975 -r--r--r--     0      0 614241633 28-Feb-2025 09:09 Personal-20250228T140612Z-002.zip
  413979 -r--r--r--     0      0 1315956785 28-Feb-2025 10:01 PhD-20250228T140637Z-001.zip
      37 -r--r--r--     0      0 383383363 28-Feb-2025 10:00 PhD-20250228T140637Z-002.zip
      41 -r--r--r--     0      0     25422 28-Feb-2025 10:54 Research-20250228T155406Z-001.zip
  413984 -r--r--r--     0      0   2007961 28-Feb-2025 10:54 SDCEL-20250228T155410Z-001.zip
  413985 -r--r--r--     0      0   1496947 28-Feb-2025 10:54 SDCEL_SSTD23_for_Submission-20250228T155417Z-001.zip
  413980 -r--r--r--     0      0       438 28-Feb-2025 10:54 Scripts-20250228T155408Z-001.zip
      30 -r--r--r--     0      0 2280187529 28-Feb-2025 11:05 SparkAWS_master-002.tar.gz
      42 -r--r--r--     0      0 1849958168 28-Feb-2025 11:04 Temp-20250228T155427Z-001.zip
  413986 -r--r--r--     0      0   1009360 28-Feb-2025 10:54 ToPrint-20250228T155425Z-001.zip
      35 -r--r--r--     0      0 744615283 28-Feb-2025 08:07 eBooks-20250228T130506Z-001.zip
      47 -r--r--r--     0      0 5379235346 28-Feb-2025 08:23 ebirds_ca-001.tsv
      48 -r--r--r--     0      0 682590458 28-Feb-2025 08:15 home-20250228T130519Z-003.zip
      59 -r--r--r--     0      0 1540874607 28-Feb-2025 08:18 home-20250228T130519Z-006.zip
      52 -r--r--r--     0      0 530902601 28-Feb-2025 08:14 home-20250228T130519Z-007.zip
      57 -r--r--r--     0      0 1897650957 28-Feb-2025 08:19 home-20250228T130519Z-008.zip
      57 -r--r--r--     0      0         0 28-Feb-2025 08:19 home-20250228T130519Z-008.zip
      55 -r--r--r--     0      0 1894048748 28-Feb-2025 08:19 home-20250228T130519Z-009.zip
      53 -r--r--r--     0      0 717240207 28-Feb-2025 08:15 home-20250228T130519Z-010.zip
  413972 -r--r--r--     0      0 1034379897 28-Feb-2025 08:16 home-20250228T130519Z-011.zip
      60 -r--r--r--     0      0 1690928817 28-Feb-2025 08:19 home-20250228T130519Z-012.zip
      60 -r--r--r--     0      0         0 28-Feb-2025 08:19 home-20250228T130519Z-012.zip
  413968 -r--r--r--     0      0 2050408280 28-Feb-2025 08:20 home-20250228T130519Z-013.zip
  413968 -r--r--r--     0      0         0 28-Feb-2025 08:20 home-20250228T130519Z-013.zip
  413970 -r--r--r--     0      0 1995522698 28-Feb-2025 08:20 home-20250228T130519Z-014.zip
  413970 -r--r--r--     0      0         0 28-Feb-2025 08:20 home-20250228T130519Z-014.zip
      62 -r--r--r--     0      0 1858422093 28-Feb-2025 08:19 home-20250228T130519Z-015.zip
      62 -r--r--r--     0      0         0 28-Feb-2025 08:19 home-20250228T130519Z-015.zip
      51 -r--r--r--     0      0 1279563664 28-Feb-2025 08:17 home-20250228T130519Z-016.zip
      50 -r--r--r--     0      0 560093825 28-Feb-2025 08:14 home-20250228T130519Z-017.zip
      54 -r--r--r--     0      0 10920296095 28-Feb-2025 08:25 ny_taxis-005.wkt
      56 -r--r--r--     0      0 4102781969 28-Feb-2025 08:22 trip_data-004.7z
  413983 -r--r--r--     0      0      3979 28-Feb-2025 10:54 vocareum_colab-20250228T155419Z-001.zip
Directory /
       5 dr-xr-xr-x     0      0         0  3-Mar-2025 20:20 .
       5 dr-xr-xr-x     0      0         0  3-Mar-2025 20:20 ..
      64 dr-xr-xr-x     0      0         0  9-Dec-2024 15:11 Backup
      27 dr-xr-xr-x     0      0         0 28-Apr-2025 17:40 GDrive_acald013_backup
  277570 dr-xr-xr-x     0      0         0  4-Jan-2025 11:47 GDrive_aocalderon_ucr
  289052 dr-xr-xr-x     0      0         0 24-Nov-2024 13:11 RIDIR
  277571 dr-xr-xr-x     0      0         0 19-Nov-2024 23:06 Research
Directory /GDrive_aocalderon_ucr
  277570 dr-xr-xr-x     0      0         0  4-Jan-2025 11:47 .
       5 dr-xr-xr-x     0      0         0  3-Mar-2025 20:20 ..
  413957 -r--r--r--     0      0 2100545139  4-Jan-2025 10:35 AHS7-20250104T151630Z-001.zip
  413957 -r--r--r--     0      0         0  4-Jan-2025 10:35 AHS7-20250104T151630Z-001.zip
  413962 -r--r--r--     0      0 2096224565  4-Jan-2025 11:25 Dandadan-20250104T154444Z-001.zip
  413962 -r--r--r--     0      0         0  4-Jan-2025 11:25 Dandadan-20250104T154444Z-001.zip
  413967 -r--r--r--     0      0   2636167  4-Jan-2025 11:47 DiscreteStructureMaterial-20250104T164709Z-001.zip
  413960 -r--r--r--     0      0   1801567  4-Jan-2025 10:44 Documents-20250104T154447Z-001.zip
  413961 -r--r--r--     0      0 1482991287  4-Jan-2025 11:18 Evil2-20250104T154501Z-001.zip
  413965 -r--r--r--     0      0 1652305302  4-Jan-2025 11:21 Media-20250104T154510Z-001.zip
  413966 -r--r--r--     0      0     67259  4-Jan-2025 11:47 UPME_Materials-20250104T164742Z-001.zip
Directory /
       5 dr-xr-xr-x     0      0         0  3-Mar-2025 20:20 .
       5 dr-xr-xr-x     0      0         0  3-Mar-2025 20:20 ..
      64 dr-xr-xr-x     0      0         0  9-Dec-2024 15:11 Backup
      27 dr-xr-xr-x     0      0         0 28-Apr-2025 17:40 GDrive_acald013_backup
  277570 dr-xr-xr-x     0      0         0  4-Jan-2025 11:47 GDrive_aocalderon_ucr
  289052 dr-xr-xr-x     0      0         0 24-Nov-2024 13:11 RIDIR
  277571 dr-xr-xr-x     0      0         0 19-Nov-2024 23:06 Research
Directory /Backup
      64 dr-xr-xr-x     0      0         0  9-Dec-2024 15:11 .
       5 dr-xr-xr-x     0      0         0  3-Mar-2025 20:20 ..
      65 dr-xr-xr-x     0      0         0  9-Dec-2024 15:10 home
    8756 dr-xr-xr-x     0      0         0  9-Dec-2024 15:17 opt
Directory /Backup/home
      65 dr-xr-xr-x     0      0         0  9-Dec-2024 15:10 .
      64 dr-xr-xr-x     0      0         0  9-Dec-2024 15:11 ..
      66 dr-xr-xr-x     0      0         0 24-Nov-2024 11:20 Datasets
    2744 dr-xr-xr-x     0      0         0  4-Nov-2024 14:37 Documents
    6164 dr-xr-xr-x     0      0         0  4-Dec-2024 20:09 Downloads
    6187 dr-xr-xr-x     0      0         0 17-May-2024 20:08 Pictures
    6417 dr-xr-xr-x     0      0         0  7-Nov-2023 17:42 Work
    6690 dr-xr-xr-x     0      0         0 22-Nov-2024 19:46 Zotero
    8726 dr-xr-xr-x     0      0         0 18-Nov-2024 18:08 bin
    6191 dr-xr-xr-x     0      0         0 24-Nov-2024 12:44 tmp
Directory /Backup/home/Downloads
    6164 dr-xr-xr-x     0      0         0  4-Dec-2024 20:09 .
      65 dr-xr-xr-x     0      0         0  9-Dec-2024 15:10 ..
    6180 dr-xr-xr-x     0      0         0 18-Jun-2024 10:40 J1
    6172 -r--r--r--     0      0         6  3-Jan-2024 22:38 .current_layout
    6175 -r--r--r--     0      0   1342476  2-Dec-2024 19:08 06-TDR_EOM-V2-Enlace Operativo Mcpal.pdf
    6173 -r--r--r--     0      0   1017052 22-Nov-2024 19:12 1-s2.0-S0167739X23000699-main.pdf
    6165 -r--r--r--     0      0  10237534 16-May-2024 16:29 1_Diagnostico_situacion_inf_georreferenciada_Andes_v2.pdf
    6169 -r--r--r--     0      0  22018969 22-Nov-2024 19:10 978-3-319-25660-3.pdf
    6174 -r--r--r--     0      0    269185  2-Dec-2024 19:01 ETD-Administrator-Mis-ETD-Enviar-mi-ETD-12-02-2024_04_01_PM.png
    6176 -r--r--r--     0      0   1031701  4-Dec-2024 18:40 Geoinformatica_Overlay_DCEL_Paper__2nd_Revision_.pdf
    6179 -r--r--r--     0      0    432779 21-Oct-2024 13:41 Graduation Application Signature Page-10-17-2024_10_47_AM.pdf
    6166 -r--r--r--     0      0    109808 18-Nov-2024 16:16 PA-GA-4.2-FOR-7 Solicitud de Transferencia V6.docx
    6170 -r--r--r--     0      0     91679 18-Nov-2024 16:17 PA-GA-4.2-FOR-7 Solicitud de Transferencia V6.pdf
    6177 -r--r--r--     0      0     30847  4-Dec-2024 19:10 Voting receipt _ UAW Local 4811.pdf
    6178 -r--r--r--     0      0     85628  4-Dec-2024 20:09 download
    6171 -r--r--r--     0      0    947706 18-Nov-2024 20:38 graduation.pdf
    6168 -r--r--r--     0      0     14402 22-Nov-2024 19:25 noun-work-7325233.png
    6167 -r--r--r--     0      0      1773 22-Nov-2024 19:25 noun-work-7325233.svg
Directory /Backup/home
      65 dr-xr-xr-x     0      0         0  9-Dec-2024 15:10 .
      64 dr-xr-xr-x     0      0         0  9-Dec-2024 15:11 ..
      66 dr-xr-xr-x     0      0         0 24-Nov-2024 11:20 Datasets
    2744 dr-xr-xr-x     0      0         0  4-Nov-2024 14:37 Documents
    6164 dr-xr-xr-x     0      0         0  4-Dec-2024 20:09 Downloads
    6187 dr-xr-xr-x     0      0         0 17-May-2024 20:08 Pictures
    6417 dr-xr-xr-x     0      0         0  7-Nov-2023 17:42 Work
    6690 dr-xr-xr-x     0      0         0 22-Nov-2024 19:46 Zotero
    8726 dr-xr-xr-x     0      0         0 18-Nov-2024 18:08 bin
    6191 dr-xr-xr-x     0      0         0 24-Nov-2024 12:44 tmp
Directory /Backup
      64 dr-xr-xr-x     0      0         0  9-Dec-2024 15:11 .
       5 dr-xr-xr-x     0      0         0  3-Mar-2025 20:20 ..
      65 dr-xr-xr-x     0      0         0  9-Dec-2024 15:10 home
    8756 dr-xr-xr-x     0      0         0  9-Dec-2024 15:17 opt
Directory /
       5 dr-xr-xr-x     0      0         0  3-Mar-2025 20:20 .
       5 dr-xr-xr-x     0      0         0  3-Mar-2025 20:20 ..
      64 dr-xr-xr-x     0      0         0  9-Dec-2024 15:11 Backup
      27 dr-xr-xr-x     0      0         0 28-Apr-2025 17:40 GDrive_acald013_backup
  277570 dr-xr-xr-x     0      0         0  4-Jan-2025 11:47 GDrive_aocalderon_ucr
  289052 dr-xr-xr-x     0      0         0 24-Nov-2024 13:11 RIDIR
  277571 dr-xr-xr-x     0      0         0 19-Nov-2024 23:06 Research

ntfs_boot_sector
 1 P HPFS - NTFS              0  32 33 38913  70  5  625139712 [And]
     NTFS, blocksize=4096, 320 GB / 298 GiB
NTFS at 0/32/33
NTFS at 0/32/33
filesystem size           625139712
sectors_per_cluster       8
mft_lcn                   4
mftmirr_lcn               39071231
clusters_per_mft_record   -10
clusters_per_index_record 1
Boot sector
Status: OK

Backup boot sector
Status: OK

Sectors are identical.

A valid NTFS Boot sector must be present in order to access
any data; even if the partition is not bootable.

TestDisk exited normally.
